//**
// main.lis
// capp-nib2cib
//
// Created by David Richardson on Thursday, July 30, 2026.
// Copyright (c) 2026 David Richardson. All rights reserved.
//
// Entry point. Constructs and registers nothing itself — that is cmd's job.
// See cmd/cmd.lis for the command surface:
//   capp-nib2cib convert [INPUT]
//   capp-nib2cib watch [DIRECTORY]
//   capp-nib2cib version
//   capp-nib2cib completion               (cobra built-in)
//
// **
import "go:fmt"

import "cmd"

fn main() {
  if let Err(e) = cmd.execute() { fmt.Println(f"error: {e}") }
}
